---
source: src/tests/cases/raw_mode.rs
expression: formatted
---
Refreshing:
<NO TRAFFIC>

Refreshing:
process: <TIMESTAMP_REMOVED> "5" up/down Bps: 0/28 connections: 1
process: <TIMESTAMP_REMOVED> "4" up/down Bps: 0/26 connections: 1
process: <TIMESTAMP_REMOVED> "1" up/down Bps: 0/22 connections: 1
process: <TIMESTAMP_REMOVED> "2" up/down Bps: 0/21 connections: 1
connection: <TIMESTAMP_REMOVED> <interface_name>:4435 => 3.3.3.3:1337 (tcp) up/down Bps: 0/28 process: "5"
connection: <TIMESTAMP_REMOVED> <interface_name>:4434 => 2.2.2.2:54321 (tcp) up/down Bps: 0/26 process: "4"
connection: <TIMESTAMP_REMOVED> <interface_name>:443 => 1.1.1.1:12345 (tcp) up/down Bps: 0/22 process: "1"
connection: <TIMESTAMP_REMOVED> <interface_name>:4432 => 4.4.4.4:1337 (tcp) up/down Bps: 0/21 process: "2"
remote_address: <TIMESTAMP_REMOVED> 3.3.3.3 up/down Bps: 0/28 connections: 1
remote_address: <TIMESTAMP_REMOVED> 2.2.2.2 up/down Bps: 0/26 connections: 1
remote_address: <TIMESTAMP_REMOVED> 1.1.1.1 up/down Bps: 0/22 connections: 1
remote_address: <TIMESTAMP_REMOVED> 4.4.4.4 up/down Bps: 0/21 connections: 1


