---
source: src/tests/cases/ui.rs
expression: terminal_draw_events.lock().unwrap().deref()
---
[
    " Total Up / Down: 0Bps / 0Bps                                                                                                                                                                 \n┌Utilization by process name──────────────────────────────────────────────────────────────────┐┌Utilization by remote address────────────────────────────────────────────────────────────────┐\n│Process                     Connections                 Up / Down                            ││Remote Address                          Connections           Up / Down                      │\n│                                                                                             ││                                                                                             │\n│                                                                                             ││                                                                                             │\n│                                                                                             ││                                                                                             │\n│                                                                                             ││                                                                                             │\n│                                                                                             ││                                                                                             │\n│                                                                                             ││                                                                                             │\n│                                                                                             ││                                                                                             │\n│                                                                                             ││                                                                                             │\n│                                                                                             ││                                                                                             │\n│                                                                                             ││                                                                                             │\n│                                                                                             ││                                                                                             │\n│                                                                                             ││                                                                                             │\n│                                                                                             ││                                                                                             │\n│                                                                                             ││                                                                                             │\n│                                                                                             ││                                                                                             │\n│                                                                                             ││                                                                                             │\n│                                                                                             ││                                                                                             │\n│                                                                                             ││                                                                                             │\n│                                                                                             ││                                                                                             │\n│                                                                                             ││                                                                                             │\n│                                                                                             ││                                                                                             │\n└─────────────────────────────────────────────────────────────────────────────────────────────┘└─────────────────────────────────────────────────────────────────────────────────────────────┘\n┌Utilization by connection───────────────────────────────────────────────────────────────────────────────────────────────────────────────────────────────────────────────────────────────────┐\n│Connection                                                                                                            Process                       Up / Down                               │\n│                                                                                                                                                                                            │\n│                                                                                                                                                                                            │\n│                                                                                                                                                                                            │\n│                                                                                                                                                                                            │\n│                                                                                                                                                                                            │\n│                                                                                                                                                                                            │\n│                                                                                                                                                                                            │\n│                                                                                                                                                                                            │\n│                                                                                                                                                                                            │\n│                                                                                                                                                                                            │\n│                                                                                                                                                                                            │\n│                                                                                                                                                                                            │\n│                                                                                                                                                                                            │\n│                                                                                                                                                                                            │\n│                                                                                                                                                                                            │\n│                                                                                                                                                                                            │\n│                                                                                                                                                                                            │\n│                                                                                                                                                                                            │\n│                                                                                                                                                                                            │\n│                                                                                                                                                                                            │\n│                                                                                                                                                                                            │\n└────────────────────────────────────────────────────────────────────────────────────────────────────────────────────────────────────────────────────────────────────────────────────────────┘\n Press <SPACE> to pause. Use <TAB> to rearrange tables. (DNS queries hidden).                                                                                                                 \n",
    "                         47Bps                                                                                                                                                                \n                                                                                                                                                                                              \n                                                                                                                                                                                              \n 1                           2                           0Bps / 47Bps                           1.1.1.1                                 2                     0Bps / 47Bps                    \n                                                                                                                                                                                              \n                                                                                                                                                                                              \n                                                                                                                                                                                              \n                                                                                                                                                                                              \n                                                                                                                                                                                              \n                                                                                                                                                                                              \n                                                                                                                                                                                              \n                                                                                                                                                                                              \n                                                                                                                                                                                              \n                                                                                                                                                                                              \n                                                                                                                                                                                              \n                                                                                                                                                                                              \n                                                                                                                                                                                              \n                                                                                                                                                                                              \n                                                                                                                                                                                              \n                                                                                                                                                                                              \n                                                                                                                                                                                              \n                                                                                                                                                                                              \n                                                                                                                                                                                              \n                                                                                                                                                                                              \n                                                                                                                                                                                              \n                                                                                                                                                                                              \n                                                                                                                                                                                              \n <interface_name>:443 => 1.1.1.1:12346 (tcp)                                                                           1                             0Bps / 25Bps                             \n <interface_name>:443 => 1.1.1.1:12345 (tcp)                                                                           1                             0Bps / 22Bps                             \n                                                                                                                                                                                              \n                                                                                                                                                                                              \n                                                                                                                                                                                              \n                                                                                                                                                                                              \n                                                                                                                                                                                              \n                                                                                                                                                                                              \n                                                                                                                                                                                              \n                                                                                                                                                                                              \n                                                                                                                                                                                              \n                                                                                                                                                                                              \n                                                                                                                                                                                              \n                                                                                                                                                                                              \n                                                                                                                                                                                              \n                                                                                                                                                                                              \n                                                                                                                                                                                              \n                                                                                                                                                                                              \n                                                                                                                                                                                              \n                                                                                                                                                                                              \n                                                                                                                                                                                              \n                                                                                                                                                                                              \n                                                                                                                                                                                              \n",
]
