---
source: src/tests/cases/ui.rs
expression: terminal_draw_events.lock().unwrap().join(SNAPSHOT_SECTION_SEPARATOR)
---
 Total Up / Down: 0Bps / 0Bps                                                                                                                                                                 
┌Utilization by process name──────────────────────────────────────────────────────────────────┐┌Utilization by remote address────────────────────────────────────────────────────────────────┐
│Process                     Connections                 Up / Down                            ││Remote Address                          Connections           Up / Down                      │
│                                                                                             ││                                                                                             │
│                                                                                             ││                                                                                             │
│                                                                                             ││                                                                                             │
│                                                                                             ││                                                                                             │
│                                                                                             ││                                                                                             │
│                                                                                             ││                                                                                             │
│                                                                                             ││                                                                                             │
│                                                                                             ││                                                                                             │
│                                                                                             ││                                                                                             │
│                                                                                             ││                                                                                             │
│                                                                                             ││                                                                                             │
│                                                                                             ││                                                                                             │
│                                                                                             ││                                                                                             │
│                                                                                             ││                                                                                             │
│                                                                                             ││                                                                                             │
│                                                                                             ││                                                                                             │
│                                                                                             ││                                                                                             │
│                                                                                             ││                                                                                             │
│                                                                                             ││                                                                                             │
│                                                                                             ││                                                                                             │
│                                                                                             ││                                                                                             │
└─────────────────────────────────────────────────────────────────────────────────────────────┘└─────────────────────────────────────────────────────────────────────────────────────────────┘
┌Utilization by connection───────────────────────────────────────────────────────────────────────────────────────────────────────────────────────────────────────────────────────────────────┐
│Connection                                                                                                            Process                       Up / Down                               │
│                                                                                                                                                                                            │
│                                                                                                                                                                                            │
│                                                                                                                                                                                            │
│                                                                                                                                                                                            │
│                                                                                                                                                                                            │
│                                                                                                                                                                                            │
│                                                                                                                                                                                            │
│                                                                                                                                                                                            │
│                                                                                                                                                                                            │
│                                                                                                                                                                                            │
│                                                                                                                                                                                            │
│                                                                                                                                                                                            │
│                                                                                                                                                                                            │
│                                                                                                                                                                                            │
│                                                                                                                                                                                            │
│                                                                                                                                                                                            │
│                                                                                                                                                                                            │
│                                                                                                                                                                                            │
│                                                                                                                                                                                            │
│                                                                                                                                                                                            │
│                                                                                                                                                                                            │
└────────────────────────────────────────────────────────────────────────────────────────────────────────────────────────────────────────────────────────────────────────────────────────────┘
 Press <SPACE> to pause. Use <TAB> to rearrange tables. (DNS queries hidden).                                                                                                                 

--- SECTION SEPARATOR ---
                  45Bps / 49Bps                                                                                                                                                               
                                                                                                                                                                                              
                                                                                                                                                                                              
 1                           1                           28Bps / 30Bps                          1.1.1.1                                 1                     28Bps / 30Bps                   
 5                           1                           17Bps / 18Bps                          3.3.3.3                                 1                     17Bps / 18Bps                   
                                                                                                                                                                                              
                                                                                                                                                                                              
                                                                                                                                                                                              
                                                                                                                                                                                              
                                                                                                                                                                                              
                                                                                                                                                                                              
                                                                                                                                                                                              
                                                                                                                                                                                              
                                                                                                                                                                                              
                                                                                                                                                                                              
                                                                                                                                                                                              
                                                                                                                                                                                              
                                                                                                                                                                                              
                                                                                                                                                                                              
                                                                                                                                                                                              
                                                                                                                                                                                              
                                                                                                                                                                                              
                                                                                                                                                                                              
                                                                                                                                                                                              
                                                                                                                                                                                              
                                                                                                                                                                                              
                                                                                                                                                                                              
 <interface_name>:443 => 1.1.1.1:12345 (tcp)                                                                           1                             28Bps / 30Bps                            
 <interface_name>:4435 => 3.3.3.3:1337 (tcp)                                                                           5                             17Bps / 18Bps                            
                                                                                                                                                                                              
                                                                                                                                                                                              
                                                                                                                                                                                              
                                                                                                                                                                                              
                                                                                                                                                                                              
                                                                                                                                                                                              
                                                                                                                                                                                              
                                                                                                                                                                                              
                                                                                                                                                                                              
                                                                                                                                                                                              
                                                                                                                                                                                              
                                                                                                                                                                                              
                                                                                                                                                                                              
                                                                                                                                                                                              
                                                                                                                                                                                              
                                                                                                                                                                                              
                                                                                                                                                                                              
                                                                                                                                                                                              
                                                                                                                                                                                              
                                                                                                                                                                                              
                                                                                                                                                                                              

--- SECTION SEPARATOR ---
                  53      60                                                                                                                                                                  
                                                                                                                                                                                              
                                                                                                                                                                                              
                                                         31       2                                                                                           31       2                      
                                                         22      27                                                                                           22      27                      
                                                                                                                                                                                              
                                                                                                                                                                                              
                                                                                                                                                                                              
                                                                                                                                                                                              
                                                                                                                                                                                              
                                                                                                                                                                                              
                                                                                                                                                                                              
                                                                                                                                                                                              
                                                                                                                                                                                              
                                                                                                                                                                                              
                                                                                                                                                                                              
                                                                                                                                                                                              
                                                                                                                                                                                              
                                                                                                                                                                                              
                                                                                                                                                                                              
                                                                                                                                                                                              
                                                                                                                                                                                              
                                                                                                                                                                                              
                                                                                                                                                                                              
                                                                                                                                                                                              
                                                                                                                                                                                              
                                                                                                                                                                                              
                                                                                                                                                     31       2                               
                                                                                                                                                     22      27                               
                                                                                                                                                                                              
                                                                                                                                                                                              
                                                                                                                                                                                              
                                                                                                                                                                                              
                                                                                                                                                                                              
                                                                                                                                                                                              
                                                                                                                                                                                              
                                                                                                                                                                                              
                                                                                                                                                                                              
                                                                                                                                                                                              
                                                                                                                                                                                              
                                                                                                                                                                                              
                                                                                                                                                                                              
                                                                                                                                                                                              
                                                                                                                                                                                              
                                                                                                                                                                                              
                                                                                                                                                                                              
                                                                                                                                                                                              
                                                                                                                                                                                              
                                                                                                                                                                                              
                                                                                                                                                                                              

