---
source: src/tests/cases/ui.rs
expression: "&terminal_draw_events_mirror[1]"
---
                         41Bps                                                                                                                                                                
                                                                                                                                                                                              
                                                                                                                                                                                              
                                                                                                                                                                                              
 1                           1                           0Bps / 22Bps                           1.1.1.1                                 1                     0Bps / 22Bps                    
 5                           1                           0Bps / 19Bps                           3.3.3.3                                 1                     0Bps / 19Bps                    
                                                                                                                                                                                              
                                                                                                                                                                                              
                                                                                                                                                                                              
                                                                                                                                                                                              
                                                                                                                                                                                              
                                                                                                                                                                                              
                                                                                                                                                                                              
                                                                                                                                                                                              
                                                                                                                                                                                              
                                                                                                                                                                                              
                                                                                                                                                                                              
                                                                                                                                                                                              
                                                                                                                                                                                              
                                                                                                                                                                                              
                                                                                                                                                                                              
                                                                                                                                                                                              
                                                                                                                                                                                              
                                                                                                                                                                                              
                                                                                                                                                                                              
                                                                                                                                                                                              
                                                                                                                                                                                              
                                                                                                                                                                                              
 <interface_name>:443 => 1.1.1.1:12345 (tcp)                                                                           1                             0Bps / 22Bps                             
 <interface_name>:4435 => 3.3.3.3:1337 (tcp)                                                                           5                             0Bps / 19Bps                             
                                                                                                                                                                                              
                                                                                                                                                                                              
                                                                                                                                                                                              
                                                                                                                                                                                              
                                                                                                                                                                                              
                                                                                                                                                                                              
                                                                                                                                                                                              
                                                                                                                                                                                              
                                                                                                                                                                                              
                                                                                                                                                                                              
                                                                                                                                                                                              
                                                                                                                                                                                              
                                                                                                                                                                                              
                                                                                                                                                                                              
                                                                                                                                                                                              
                                                                                                                                                                                              
                                                                                                                                                                                              
                                                                                                                                                                                              
                                                                                                                                                                                              
                                                                                                                                                                                              

