---
source: src/tests/cases/ui.rs
expression: terminal_draw_events.lock().unwrap().join(SNAPSHOT_SECTION_SEPARATOR)
---
 Total Up / Down: 0Bps / 0Bps                                                                                                                                                                 
┌Utilization by process name──────────────────────────────────────────────────────────────────┐┌Utilization by remote address────────────────────────────────────────────────────────────────┐
│Process                     Connections                 Up / Down                            ││Remote Address                          Connections           Up / Down                      │
│                                                                                             ││                                                                                             │
│                                                                                             ││                                                                                             │
│                                                                                             ││                                                                                             │
│                                                                                             ││                                                                                             │
│                                                                                             ││                                                                                             │
│                                                                                             ││                                                                                             │
│                                                                                             ││                                                                                             │
│                                                                                             ││                                                                                             │
│                                                                                             ││                                                                                             │
│                                                                                             ││                                                                                             │
│                                                                                             ││                                                                                             │
│                                                                                             ││                                                                                             │
│                                                                                             ││                                                                                             │
│                                                                                             ││                                                                                             │
│                                                                                             ││                                                                                             │
│                                                                                             ││                                                                                             │
│                                                                                             ││                                                                                             │
│                                                                                             ││                                                                                             │
│                                                                                             ││                                                                                             │
│                                                                                             ││                                                                                             │
│                                                                                             ││                                                                                             │
│                                                                                             ││                                                                                             │
│                                                                                             ││                                                                                             │
│                                                                                             ││                                                                                             │
└─────────────────────────────────────────────────────────────────────────────────────────────┘└─────────────────────────────────────────────────────────────────────────────────────────────┘
 Press <SPACE> to pause. Use <TAB> to rearrange tables. (DNS queries hidden).                                                                                                                 

--- SECTION SEPARATOR ---
                         98Bps                                                                                                                                                                
                                                                                                                                                                                              
                                                                                                                                                                                              
 5                           1                           0Bps / 28Bps                           3.3.3.3                                 1                     0Bps / 28Bps                    
 4                           1                           0Bps / 26Bps                           2.2.2.2                                 1                     0Bps / 26Bps                    
 1                           1                           0Bps / 22Bps                           1.1.1.1                                 1                     0Bps / 22Bps                    
 2                           1                           0Bps / 21Bps                           4.4.4.4                                 1                     0Bps / 21Bps                    
                                                                                                                                                                                              
                                                                                                                                                                                              
                                                                                                                                                                                              
                                                                                                                                                                                              
                                                                                                                                                                                              
                                                                                                                                                                                              
                                                                                                                                                                                              
                                                                                                                                                                                              
                                                                                                                                                                                              
                                                                                                                                                                                              
                                                                                                                                                                                              
                                                                                                                                                                                              
                                                                                                                                                                                              
                                                                                                                                                                                              
                                                                                                                                                                                              
                                                                                                                                                                                              
                                                                                                                                                                                              
                                                                                                                                                                                              
                                                                                                                                                                                              
                                                                                                                                                                                              
                                                                                                                                                                                              
                                                                                                                                                                                              

