---
source: src/tests/cases/ui.rs
expression: terminal_events.lock().unwrap().as_slice()
---
[
    Clear,
    HideCursor,
    Draw,
    HideCursor,
    Flush,
    Draw,
    HideCursor,
    Flush,
    Draw,
    HideCursor,
    Flush,
    Draw,
    HideCursor,
    Flush,
    Draw,
    HideCursor,
    Flush,
    ShowCursor,
]
