---
source: src/tests/cases/ui.rs
expression: terminal_draw_events.lock().unwrap().join(SNAPSHOT_SECTION_SEPARATOR)
---
 Total Rate (Up / Down): 0.00B / 0.00B                      
┌Utilization by remote address─────────────────────────────┐
│Remote Address                     Rate (Up / Down)       │
│                                                          │
│                                                          │
│                                                          │
│                                                          │
│                                                          │
│                                                          │
│                                                          │
│                                                          │
│                                                          │
│                                                          │
│                                                          │
│                                                          │
│                                                          │
│                                                          │
│                                                          │
│                                                          │
│                                                          │
│                                                          │
│                                                          │
│                                                          │
│                                                          │
└──────────────────────────────────────────────────────────┘
┌Utilization by connection─────────────────────────────────┐
│Connection                              Rate (Up / Down)  │
│                                                          │
│                                                          │
│                                                          │
│                                                          │
│                                                          │
│                                                          │
│                                                          │
│                                                          │
│                                                          │
│                                                          │
│                                                          │
│                                                          │
│                                                          │
│                                                          │
│                                                          │
│                                                          │
│                                                          │
│                                                          │
│                                                          │
│                                                          │
│                                                          │
└──────────────────────────────────────────────────────────┘
 Press <SPACE> to pause. Use <TAB> to rearrange tables.     

--- SECTION SEPARATOR ---
                                                            
                                                            
                                                            
                                                            
                                                            
                                                            
                                                            
                                                            
                                                            
                                                            
                                                            
                                                            
                                                            
                                                            
                                                            
                                                            
                                                            
                                                            
                                                            
                                                            
                                                            
                                                            
                                                            
                                                            
                                                            
                                                            
                                                            
                                                            
                                                            
                                                            
                                                            
                                                            
                                                            
                                                            
                                                            
                                                            
                                                            
                                                            
                                                            
                                                            
                                                            
                                                            
                                                            
                                                            
                                                            
                                                            
                                                            
                                                            
                                                            
                                                            

