---
source: src/tests/cases/ui.rs
expression: terminal_draw_events.lock().unwrap().join(SNAPSHOT_SECTION_SEPARATOR)
---
IF: interface_name | Total Rate (Up / Down): 0.00B / 0.00B                                                             
┌Utilization by process name──────────────────────────────────────────────────────────────────────────────────────────┐
│Process                                       PID                Connections        Rate (Up / Down)                 │
│                                                                                                                     │
│                                                                                                                     │
│                                                                                                                     │
│                                                                                                                     │
│                                                                                                                     │
│                                                                                                                     │
│                                                                                                                     │
│                                                                                                                     │
│                                                                                                                     │
│                                                                                                                     │
│                                                                                                                     │
│                                                                                                                     │
│                                                                                                                     │
│                                                                                                                     │
│                                                                                                                     │
│                                                                                                                     │
│                                                                                                                     │
│                                                                                                                     │
│                                                                                                                     │
│                                                                                                                     │
│                                                                                                                     │
└─────────────────────────────────────────────────────────────────────────────────────────────────────────────────────┘
┌Utilization by remote address────────────────────────────────────────────────────────────────────────────────────────┐
│Remote Address                                                       Connections          Rate (Up / Down)           │
│                                                                                                                     │
│                                                                                                                     │
│                                                                                                                     │
│                                                                                                                     │
│                                                                                                                     │
│                                                                                                                     │
│                                                                                                                     │
│                                                                                                                     │
│                                                                                                                     │
│                                                                                                                     │
│                                                                                                                     │
│                                                                                                                     │
│                                                                                                                     │
│                                                                                                                     │
│                                                                                                                     │
│                                                                                                                     │
│                                                                                                                     │
│                                                                                                                     │
│                                                                                                                     │
│                                                                                                                     │
│                                                                                                                     │
└─────────────────────────────────────────────────────────────────────────────────────────────────────────────────────┘
 Press <SPACE> to pause. Use <TAB> to rearrange tables. (DNS queries hidden).                                          

--- SECTION SEPARATOR ---
                                                     98. 0B                                                            
                                                                                                                       
                                                                                                                       
 5                                             5                  1                  0.00B / 28.00B                    
 4                                             4                  1                  0.00B / 26.00B                    
 1                                             1                  1                  0.00B / 22.00B                    
 2                                             2                  1                  0.00B / 21.00B                    
                                                                                                                       
                                                                                                                       
                                                                                                                       
                                                                                                                       
                                                                                                                       
                                                                                                                       
                                                                                                                       
                                                                                                                       
                                                                                                                       
                                                                                                                       
                                                                                                                       
                                                                                                                       
                                                                                                                       
                                                                                                                       
                                                                                                                       
                                                                                                                       
                                                                                                                       
                                                                                                                       
                                                                                                                       
                                                                                                                       
 3.3.3.3                                                              1                    0.00B / 28.00B              
 2.2.2.2                                                              1                    0.00B / 26.00B              
 1.1.1.1                                                              1                    0.00B / 22.00B              
 4.4.4.4                                                              1                    0.00B / 21.00B
