---
source: src/tests/cases/ui.rs
expression: "&terminal_draw_events_mirror[1]"
---
                         41Bps                                                                                                                                                                
                                                                                                                                                                                              
                                                                                                                                                                                              
                                                                                                                                                                                              
 1                           1                           0Bps / 22Bps                           2.2.2.2                                 2                     0Bps / 41Bps                    
 4                           1                           0Bps / 19Bps                                                                                                                         
                                                                                                                                                                                              
                                                                                                                                                                                              
                                                                                                                                                                                              
                                                                                                                                                                                              
                                                                                                                                                                                              
                                                                                                                                                                                              
                                                                                                                                                                                              
                                                                                                                                                                                              
                                                                                                                                                                                              
                                                                                                                                                                                              
                                                                                                                                                                                              
                                                                                                                                                                                              
                                                                                                                                                                                              
                                                                                                                                                                                              
                                                                                                                                                                                              
                                                                                                                                                                                              
                                                                                                                                                                                              
                                                                                                                                                                                              
                                                                                                                                                                                              
                                                                                                                                                                                              
                                                                                                                                                                                              
                                                                                                                                                                                              
 <interface_name>:443 => 2.2.2.2:12345 (tcp)                                                                           1                             0Bps / 22Bps                             
 <interface_name>:4434 => 2.2.2.2:54321 (tcp)                                                                          4                             0Bps / 19Bps                             
                                                                                                                                                                                              
                                                                                                                                                                                              
                                                                                                                                                                                              
                                                                                                                                                                                              
                                                                                                                                                                                              
                                                                                                                                                                                              
                                                                                                                                                                                              
                                                                                                                                                                                              
                                                                                                                                                                                              
                                                                                                                                                                                              
                                                                                                                                                                                              
                                                                                                                                                                                              
                                                                                                                                                                                              
                                                                                                                                                                                              
                                                                                                                                                                                              
                                                                                                                                                                                              
                                                                                                                                                                                              
                                                                                                                                                                                              
                                                                                                                                                                                              
                                                                                                                                                                                              

