---
source: src/tests/cases/ui.rs
expression: "&terminal_draw_events_mirror[0]"
---
 Total Up / Down: 0Bps / 0Bps                                                                                          
┌Utilization by process name──────────────────────────────────────────────────────────────────────────────────────────┐
│Process                                               Connections               Up / Down                            │
│                                                                                                                     │
│                                                                                                                     │
│                                                                                                                     │
│                                                                                                                     │
│                                                                                                                     │
│                                                                                                                     │
│                                                                                                                     │
│                                                                                                                     │
│                                                                                                                     │
│                                                                                                                     │
│                                                                                                                     │
│                                                                                                                     │
│                                                                                                                     │
│                                                                                                                     │
│                                                                                                                     │
│                                                                                                                     │
│                                                                                                                     │
│                                                                                                                     │
│                                                                                                                     │
│                                                                                                                     │
│                                                                                                                     │
│                                                                                                                     │
│                                                                                                                     │
│                                                                                                                     │
└─────────────────────────────────────────────────────────────────────────────────────────────────────────────────────┘
 Press <SPACE> to pause. Use <TAB> to rearrange tables. (DNS queries hidden).                                          

