---
source: src/tests/cases/ui.rs
expression: terminal_draw_events.lock().unwrap().join(SNAPSHOT_SECTION_SEPARATOR)
---
IF: interface_name | Total Rate (Up / Down): 0.00B / 0.00B                                                                                                                                    
┌Utilization by process name──────────────────────────────────────────────────────────────────┐┌Utilization by remote address────────────────────────────────────────────────────────────────┐
│Process                            PID             Connections     Rate (Up / Down)          ││Remote Address                              Connections       Rate (Up / Down)               │
│                                                                                             ││                                                                                             │
│                                                                                             ││                                                                                             │
│                                                                                             ││                                                                                             │
│                                                                                             ││                                                                                             │
│                                                                                             ││                                                                                             │
│                                                                                             ││                                                                                             │
│                                                                                             ││                                                                                             │
│                                                                                             ││                                                                                             │
│                                                                                             ││                                                                                             │
│                                                                                             ││                                                                                             │
│                                                                                             ││                                                                                             │
│                                                                                             ││                                                                                             │
│                                                                                             ││                                                                                             │
│                                                                                             ││                                                                                             │
│                                                                                             ││                                                                                             │
│                                                                                             ││                                                                                             │
│                                                                                             ││                                                                                             │
│                                                                                             ││                                                                                             │
│                                                                                             ││                                                                                             │
│                                                                                             ││                                                                                             │
│                                                                                             ││                                                                                             │
└─────────────────────────────────────────────────────────────────────────────────────────────┘└─────────────────────────────────────────────────────────────────────────────────────────────┘
┌Utilization by connection───────────────────────────────────────────────────────────────────────────────────────────────────────────────────────────────────────────────────────────────────┐
│Connection                                                                                                           Process                                Rate (Up / Down)                │
│                                                                                                                                                                                            │
│                                                                                                                                                                                            │
│                                                                                                                                                                                            │
│                                                                                                                                                                                            │
│                                                                                                                                                                                            │
│                                                                                                                                                                                            │
│                                                                                                                                                                                            │
│                                                                                                                                                                                            │
│                                                                                                                                                                                            │
│                                                                                                                                                                                            │
│                                                                                                                                                                                            │
│                                                                                                                                                                                            │
│                                                                                                                                                                                            │
│                                                                                                                                                                                            │
│                                                                                                                                                                                            │
│                                                                                                                                                                                            │
│                                                                                                                                                                                            │
│                                                                                                                                                                                            │
│                                                                                                                                                                                            │
│                                                                                                                                                                                            │
│                                                                                                                                                                                            │
└────────────────────────────────────────────────────────────────────────────────────────────────────────────────────────────────────────────────────────────────────────────────────────────┘
 Press <SPACE> to pause. Use <TAB> to rearrange tables. (DNS queries hidden).                                                                                                                 

--- SECTION SEPARATOR ---
                                             24. 0B / 25.00B                                                                                                                                  
                                                                                                                                                                                              
                                                                                                                                                                                              
 1                                  1               1               24.00B / 25.00B             1.1.1.1                                     1                 24.00B / 25.00B                 
                                                                                                                                                                                              
                                                                                                                                                                                              
                                                                                                                                                                                              
                                                                                                                                                                                              
                                                                                                                                                                                              
                                                                                                                                                                                              
                                                                                                                                                                                              
                                                                                                                                                                                              
                                                                                                                                                                                              
                                                                                                                                                                                              
                                                                                                                                                                                              
                                                                                                                                                                                              
                                                                                                                                                                                              
                                                                                                                                                                                              
                                                                                                                                                                                              
                                                                                                                                                                                              
                                                                                                                                                                                              
                                                                                                                                                                                              
                                                                                                                                                                                              
                                                                                                                                                                                              
                                                                                                                                                                                              
                                                                                                                                                                                              
                                                                                                                                                                                              
 <interface_name>:443 => 1.1.1.1:12345 (tcp)                                                                          1                                      24.00B / 25.00B
