---
source: src/tests/cases/ui.rs
expression: terminal_draw_events.lock().unwrap().join(SNAPSHOT_SECTION_SEPARATOR)
---
IF: interface_name | Total Rate (Up / Down): 0.00B / 0.00B                                                                                                                                    
┌Utilization by process name─────────────────────────────────────────────────────────────────────────────────────────────────────────────────────────────────────────────────────────────────┐
│Process                                                               PID                            Connections                    Rate (Up / Down)                                        │
│                                                                                                                                                                                            │
│                                                                                                                                                                                            │
│                                                                                                                                                                                            │
│                                                                                                                                                                                            │
│                                                                                                                                                                                            │
│                                                                                                                                                                                            │
│                                                                                                                                                                                            │
│                                                                                                                                                                                            │
│                                                                                                                                                                                            │
│                                                                                                                                                                                            │
│                                                                                                                                                                                            │
│                                                                                                                                                                                            │
│                                                                                                                                                                                            │
│                                                                                                                                                                                            │
│                                                                                                                                                                                            │
│                                                                                                                                                                                            │
│                                                                                                                                                                                            │
│                                                                                                                                                                                            │
│                                                                                                                                                                                            │
│                                                                                                                                                                                            │
│                                                                                                                                                                                            │
│                                                                                                                                                                                            │
│                                                                                                                                                                                            │
│                                                                                                                                                                                            │
│                                                                                                                                                                                            │
│                                                                                                                                                                                            │
│                                                                                                                                                                                            │
│                                                                                                                                                                                            │
│                                                                                                                                                                                            │
│                                                                                                                                                                                            │
│                                                                                                                                                                                            │
│                                                                                                                                                                                            │
│                                                                                                                                                                                            │
│                                                                                                                                                                                            │
│                                                                                                                                                                                            │
│                                                                                                                                                                                            │
│                                                                                                                                                                                            │
│                                                                                                                                                                                            │
│                                                                                                                                                                                            │
│                                                                                                                                                                                            │
│                                                                                                                                                                                            │
│                                                                                                                                                                                            │
│                                                                                                                                                                                            │
│                                                                                                                                                                                            │
│                                                                                                                                                                                            │
└────────────────────────────────────────────────────────────────────────────────────────────────────────────────────────────────────────────────────────────────────────────────────────────┘
 Press <SPACE> to pause. Use <TAB> to rearrange tables. (DNS queries shown).
