---
source: src/tests/cases/ui.rs
expression: "&terminal_draw_events_mirror[1]"
---
                       41B                                                                                                                                                                  1 
                                                                                                                                                                                              
                                                                                                                                                                                              
                                                                                                                                                                                              
 1                           1                           0B / 22B                               1.1.1.1                                 1                     0B / 22B                        
 5                           1                           0B / 19B                               3.3.3.3                                 1                     0B / 19B                        
                                                                                                                                                                                              
                                                                                                                                                                                              
                                                                                                                                                                                              
                                                                                                                                                                                              
                                                                                                                                                                                              
                                                                                                                                                                                              
                                                                                                                                                                                              
                                                                                                                                                                                              
                                                                                                                                                                                              
                                                                                                                                                                                              
                                                                                                                                                                                              
                                                                                                                                                                                              
                                                                                                                                                                                              
                                                                                                                                                                                              
                                                                                                                                                                                              
                                                                                                                                                                                              
                                                                                                                                                                                              
                                                                                                                                                                                              
                                                                                                                                                                                              
                                                                                                                                                                                              
                                                                                                                                                                                              
                                                                                                                                                                                              
 <interface_name>:443 => 1.1.1.1:12345 (tcp)                                                                           1                             0B / 22B                                 
 <interface_name>:4435 => 3.3.3.3:1337 (tcp)                                                                           5                             0B / 19B                                 
                                                                                                                                                                                              
                                                                                                                                                                                              
                                                                                                                                                                                              
                                                                                                                                                                                              
                                                                                                                                                                                              
                                                                                                                                                                                              
                                                                                                                                                                                              
                                                                                                                                                                                              
                                                                                                                                                                                              
                                                                                                                                                                                              
                                                                                                                                                                                              
                                                                                                                                                                                              
                                                                                                                                                                                              
                                                                                                                                                                                              
                                                                                                                                                                                              
                                                                                                                                                                                              
                                                                                                                                                                                              
                                                                                                                                                                                              
                                                                                                                                                                                              
                                                                                                                                                                                              

