---
source: src/tests/cases/ui.rs
expression: terminal_draw_events.lock().unwrap().deref()
---
[
    " Total Up / Down: 0Bps / 0Bps                                                                                                                                                                 \n┌Utilization by connection───────────────────────────────────────────────────────────────────────────────────────────────────────────────────────────────────────────────────────────────────┐\n│Connection                                                                                                            Process                       Up / Down                               │\n│                                                                                                                                                                                            │\n│                                                                                                                                                                                            │\n│                                                                                                                                                                                            │\n│                                                                                                                                                                                            │\n│                                                                                                                                                                                            │\n│                                                                                                                                                                                            │\n│                                                                                                                                                                                            │\n│                                                                                                                                                                                            │\n│                                                                                                                                                                                            │\n│                                                                                                                                                                                            │\n│                                                                                                                                                                                            │\n│                                                                                                                                                                                            │\n│                                                                                                                                                                                            │\n│                                                                                                                                                                                            │\n│                                                                                                                                                                                            │\n│                                                                                                                                                                                            │\n│                                                                                                                                                                                            │\n│                                                                                                                                                                                            │\n│                                                                                                                                                                                            │\n│                                                                                                                                                                                            │\n│                                                                                                                                                                                            │\n│                                                                                                                                                                                            │\n│                                                                                                                                                                                            │\n│                                                                                                                                                                                            │\n│                                                                                                                                                                                            │\n│                                                                                                                                                                                            │\n│                                                                                                                                                                                            │\n│                                                                                                                                                                                            │\n│                                                                                                                                                                                            │\n│                                                                                                                                                                                            │\n│                                                                                                                                                                                            │\n│                                                                                                                                                                                            │\n│                                                                                                                                                                                            │\n│                                                                                                                                                                                            │\n│                                                                                                                                                                                            │\n│                                                                                                                                                                                            │\n│                                                                                                                                                                                            │\n│                                                                                                                                                                                            │\n│                                                                                                                                                                                            │\n│                                                                                                                                                                                            │\n│                                                                                                                                                                                            │\n│                                                                                                                                                                                            │\n│                                                                                                                                                                                            │\n│                                                                                                                                                                                            │\n│                                                                                                                                                                                            │\n└────────────────────────────────────────────────────────────────────────────────────────────────────────────────────────────────────────────────────────────────────────────────────────────┘\n Press <SPACE> to pause. Use <TAB> to rearrange tables. (DNS queries hidden).                                                                                                                 \n",
]
