---
source: src/tests/cases/ui.rs
expression: "&terminal_draw_events_mirror[0]"
---
 Total Rate Up / Down: 0Bps / 0Bps                          
┌Utilization by remote address─────────────────────────────┐
│Remote Address          Rate Up / Down                    │
│                                                          │
│                                                          │
│                                                          │
│                                                          │
│                                                          │
│                                                          │
│                                                          │
│                                                          │
│                                                          │
│                                                          │
│                                                          │
│                                                          │
│                                                          │
│                                                          │
│                                                          │
│                                                          │
│                                                          │
│                                                          │
│                                                          │
│                                                          │
│                                                          │
└──────────────────────────────────────────────────────────┘
┌Utilization by connection─────────────────────────────────┐
│Connection                  Rate Up / Down                │
│                                                          │
│                                                          │
│                                                          │
│                                                          │
│                                                          │
│                                                          │
│                                                          │
│                                                          │
│                                                          │
│                                                          │
│                                                          │
│                                                          │
│                                                          │
│                                                          │
│                                                          │
│                                                          │
│                                                          │
│                                                          │
│                                                          │
│                                                          │
│                                                          │
└──────────────────────────────────────────────────────────┘
 Press <SPACE> to pause (DNS queries hidden).               

